useradmin@demo:~/linux$ pwd
/home/useradmin/linux
useradmin@demo:~/linux$ PWD
PWD: command not found
useradmin@demo:~/linux$ cd /etc
useradmin@demo:/etc$ pwd
/etc
useradmin@demo:/etc$ cd
useradmin@demo:~$ pwd
/home/useradmin
useradmin@demo:~$ cd /etc
useradmin@demo:/etc$ ls
ModemManager
PackageKit
X11
adduser.conf
alternatives
apache2
apparmor
apparmor.d
apport
apt
bash.bashrc
bash_completion
bash_completion.d
bindresvport.blacklist
binfmt.d
byobu
ca-certificates
ca-certificates.conf
chrony
cifs-utils
cloud
console-setup
credstore
credstore.encrypted
cron.d
cron.daily
cron.hourly
cron.monthly
cron.weekly
cron.yearly
crontab
cryptsetup-initramfs
crypttab
datadog-agent
dbus-1
debconf.conf
debian_version
debsig
default
deluser.conf
depmod.d
dhcp
dhcpcd.conf
dpkg
e2scrub.conf
ec2_version
environment
ethertypes
fonts
fstab
fuse.conf
fwupd
gai.conf
gnutls
gprofng.rc
groff
group
group-
grub.d
gshadow
gshadow-
gss
hdparm.conf
host.conf
hostname
hosts
hosts.allow
hosts.deny
init
init.d
initramfs-tools
inputrc
iproute2
iscsi
issue
issue.net
kernel
keyutils
landscape
ld.so.cache
ld.so.conf
ld.so.conf.d
ld.so.preload
ldap
legal
libaudit.conf
libblockdev
libibverbs.d
libnl-3
lighttpd
locale.alias
locale.conf
locale.gen
localtime
logcheck
login.defs
logrotate.conf
logrotate.d
lsb-release
lvm
machine-id
magic
magic.mime
manpath.config
mdadm
mime.types
mke2fs.conf
modprobe.d
modules
modules-load.d
mtab
multipath
multipath.conf
nanorc
needrestart
netconfig
netplan
network
networkd-dispatcher
networks
newt
nftables.conf
nsswitch.conf
nvme
opt
os-release
overlayroot.conf
overlayroot.local.conf
pam.conf
pam.d
passwd
passwd-
perl
pki
plymouth
pm
polkit-1
pollinate
ppp
profile
profile.d
protocols
python3
python3.12
rc0.d
rc1.d
rc2.d
rc3.d
rc4.d
rc5.d
rc6.d
rcS.d
request-key.conf
request-key.d
resolv.conf
rmt
rpc
rsyslog.conf
rsyslog.d
screenrc
security
selinux
sensors.d
sensors3.conf
services
sgml
shadow
shadow-
shells
skel
sos
ssh
ssl
subgid
subgid-
subuid
subuid-
sudo.conf
sudo_logsrvd.conf
sudoers
sudoers.d
supercat
sysctl.conf
sysctl.d
sysstat
systemd
terminfo
timezone
tmpfiles.d
ubuntu-advantage
ucf.conf
udev
udisks2
ufw
update-manager
update-motd.d
update-notifier
usb_modeswitch.conf
usb_modeswitch.d
vconsole.conf
vim
vmware-tools
vtrgb
waagent.conf
wgetrc
xattr.conf
xdg
xml
zsh_command_not_found
useradmin@demo:/etc$ ls -l
total 972
drwxr-xr-x 4 root     root       4096 Oct  1 04:14 ModemManager
drwxr-xr-x 2 root     root       4096 Oct  1 04:15 PackageKit
drwxr-xr-x 4 root     root       4096 Oct  1 04:13 X11
-rw-r--r-- 1 root     root       3444 Jul  5  2023 adduser.conf
drwxr-xr-x 2 root     root       4096 Oct 21 08:56 alternatives
drwxr-xr-x 3 root     root       4096 Oct 21 08:56 apache2
drwxr-xr-x 2 root     root       4096 Oct  1 04:14 apparmor
drwxr-xr-x 9 root     root       4096 Oct  1 04:22 apparmor.d
drwxr-xr-x 3 root     root       4096 Oct  1 04:15 apport
drwxr-xr-x 8 root     root       4096 Oct  1 04:23 apt
-rw-r--r-- 1 root     root       2319 Mar 31  2024 bash.bashrc
-rw-r--r-- 1 root     root         45 Jan 24  2020 bash_completion
drwxr-xr-x 2 root     root       4096 Oct 23 07:21 bash_completion.d
-rw-r--r-- 1 root     root        367 Aug  2  2022 bindresvport.blacklist
drwxr-xr-x 2 root     root       4096 Apr 19  2024 binfmt.d
drwxr-xr-x 2 root     root       4096 Oct  1 04:14 byobu
drwxr-xr-x 3 root     root       4096 Oct  1 04:13 ca-certificates
-rw-r--r-- 1 root     root       6288 Oct  1 04:13 ca-certificates.conf
drwxr-xr-x 4 root     root       4096 Oct  1 04:22 chrony
drwxr-xr-x 2 root     root       4096 Oct  1 04:22 cifs-utils
drwxr-xr-x 5 root     root       4096 Oct  1 04:15 cloud
drwxr-xr-x 2 root     root       4096 Oct  1 04:15 console-setup
drwx------ 2 root     root       4096 Apr 19  2024 credstore
drwx------ 2 root     root       4096 Apr 19  2024 credstore.encrypted
drwxr-xr-x 2 root     root       4096 Oct  1 04:14 cron.d
drwxr-xr-x 2 root     root       4096 Oct  1 04:15 cron.daily
drwxr-xr-x 2 root     root       4096 Oct  1 04:13 cron.hourly
drwxr-xr-x 2 root     root       4096 Oct  1 04:13 cron.monthly
drwxr-xr-x 2 root     root       4096 Oct  1 04:15 cron.weekly
drwxr-xr-x 2 root     root       4096 Oct  1 04:13 cron.yearly
-rw-r--r-- 1 root     root       1136 Mar 31  2024 crontab
drwxr-xr-x 2 root     root       4096 Oct  1 04:15 cryptsetup-initramfs
-rw-r--r-- 1 root     root         54 Oct  1 04:14 crypttab
drwxr-xr-x 9 dd-agent dd-agent   4096 Oct 21 08:54 datadog-agent
drwxr-xr-x 4 root     root       4096 Oct  1 04:13 dbus-1
-rw-r--r-- 1 root     root       2967 Apr 12  2024 debconf.conf
-rw-r--r-- 1 root     root         11 Apr 22  2024 debian_version
drwxr-xr-x 3 root     root       4096 Oct 21 08:53 debsig
drwxr-xr-x 3 root     root       4096 Oct  1 04:22 default
-rw-r--r-- 1 root     root       1706 Jul  5  2023 deluser.conf
drwxr-xr-x 2 root     root       4096 Oct  1 04:14 depmod.d
drwxr-xr-x 3 root     root       4096 Oct  1 04:13 dhcp
-rw-r--r-- 1 root     root       1429 Mar 31  2024 dhcpcd.conf
drwxr-xr-x 4 root     root       4096 Oct 21 08:56 dpkg
-rw-r--r-- 1 root     root        685 Apr  8  2024 e2scrub.conf
-rw-r--r-- 1 root     root         34 Oct  1 04:15 ec2_version
-rw-r--r-- 1 root     root        106 Oct  1 04:13 environment
-rw-r--r-- 1 root     root       1853 Oct 17  2022 ethertypes
drwxr-xr-x 4 root     root       4096 Oct 21 08:56 fonts
-rw-r--r-- 1 root     root        255 Oct  1 04:22 fstab
-rw-r--r-- 1 root     root        694 Apr  8  2024 fuse.conf
drwxr-xr-x 4 root     root       4096 Oct  1 04:15 fwupd
-rw-r--r-- 1 root     root       2584 Jan 31  2024 gai.conf
drwxr-xr-x 2 root     root       4096 Oct  1 04:13 gnutls
-rw-r--r-- 1 root     root       3986 Mar 10  2025 gprofng.rc
drwxr-xr-x 2 root     root       4096 Oct  1 04:14 groff
-rw-r--r-- 1 root     root        893 Oct 21 08:53 group
-rw-r--r-- 1 root     root        877 Oct 21 07:09 group-
drwxr-xr-x 2 root     root       4096 Oct  1 04:22 grub.d
-rw-r----- 1 root     shadow      755 Oct 21 08:53 gshadow
-rw-r----- 1 root     shadow      742 Oct 21 07:09 gshadow-
drwxr-xr-x 3 root     root       4096 Oct  1 04:13 gss
-rw-r--r-- 1 root     root       4436 Oct  6  2022 hdparm.conf
-rw-r--r-- 1 root     root         92 Apr 22  2024 host.conf
-rw-r--r-- 1 root     root          5 Oct 21 07:09 hostname
-rw-r--r-- 1 root     root        221 Sep 30 22:56 hosts
-rw-r--r-- 1 root     root        411 Oct  1 04:14 hosts.allow
-rw-r--r-- 1 root     root        711 Oct  1 04:14 hosts.deny
drwxr-xr-x 2 root     root       4096 Oct 21 08:56 init
drwxr-xr-x 2 root     root       4096 Oct 21 08:53 init.d
drwxr-xr-x 5 root     root       4096 Oct  1 04:15 initramfs-tools
-rw-r--r-- 1 root     root       1875 Mar 31  2024 inputrc
drwxr-xr-x 4 root     root       4096 Oct  1 04:14 iproute2
drwxr-xr-x 2 root     root       4096 Oct  1 04:14 iscsi
-rw-r--r-- 1 root     root         26 Aug  1 14:21 issue
-rw-r--r-- 1 root     root         19 Aug  1 14:21 issue.net
drwxr-xr-x 5 root     root       4096 Oct  1 04:14 kernel
drwxr-xr-x 2 root     root       4096 Apr  8  2024 keyutils
drwxrwxr-x 2 root     landscape  4096 Jun 13 16:34 landscape
-rw-r--r-- 1 root     root      23703 Oct 24 06:05 ld.so.cache
-rw-r--r-- 1 root     root         34 Aug  2  2022 ld.so.conf
drwxr-xr-x 2 root     root       4096 Oct 21 08:56 ld.so.conf.d
-rw-r--r-- 1 root     root         75 Oct 21 08:53 ld.so.preload
drwxr-xr-x 2 root     root       4096 Oct  1 04:14 ldap
-rw-r--r-- 1 root     root        267 Apr 22  2024 legal
-rw-r--r-- 1 root     root        191 Mar 31  2024 libaudit.conf
drwxr-xr-x 3 root     root       4096 Oct  1 04:14 libblockdev
drwxr-xr-x 2 root     root       4096 Oct  1 04:15 libibverbs.d
drwxr-xr-x 2 root     root       4096 Oct  1 04:14 libnl-3
drwxr-xr-x 4 root     root       4096 Oct 21 08:56 lighttpd
-rw-r--r-- 1 root     root       2996 Mar 30  2024 locale.alias
-rw-r--r-- 1 root     root         13 Oct  1 04:15 locale.conf
-rw-r--r-- 1 root     root       9563 Oct  1 04:15 locale.gen
lrwxrwxrwx 1 root     root         27 Oct  1 04:13 localtime -> /usr/share/zoneinfo/Etc/UTC
drwxr-xr-x 4 root     root       4096 Oct  1 04:14 logcheck
-rw-r--r-- 1 root     root      12345 Feb 22  2024 login.defs
-rw-r--r-- 1 root     root        586 Apr  8  2024 logrotate.conf
drwxr-xr-x 2 root     root       4096 Oct  1 04:22 logrotate.d
-rw-r--r-- 1 root     root        104 Aug  1 14:21 lsb-release
drwxr-xr-x 3 root     root       4096 Oct  1 04:15 lvm
-r--r--r-- 1 root     root         33 Oct 21 07:09 machine-id
-rw-r--r-- 1 root     root        111 Mar 31  2024 magic
-rw-r--r-- 1 root     root        111 Mar 31  2024 magic.mime
-rw-r--r-- 1 root     root       5230 Apr  8  2024 manpath.config
drwxr-xr-x 2 root     root       4096 Oct  1 04:14 mdadm
-rw-r--r-- 1 root     root      75113 Jul 12  2023 mime.types
-rw-r--r-- 1 root     root        744 Apr  8  2024 mke2fs.conf
drwxr-xr-x 2 root     root       4096 Oct  1 04:22 modprobe.d
-rw-r--r-- 1 root     root        212 Oct  1 04:13 modules
drwxr-xr-x 2 root     root       4096 Oct  1 04:13 modules-load.d
lrwxrwxrwx 1 root     root         19 Oct  1 04:13 mtab -> ../proc/self/mounts
drwx------ 2 root     root       4096 Oct 21 07:09 multipath
-rw-r--r-- 1 root     root         41 Apr  7  2024 multipath.conf
-rw-r--r-- 1 root     root      11424 May 23  2023 nanorc
drwxr-xr-x 6 root     root       4096 Oct  1 04:14 needrestart
-rw-r--r-- 1 root     root        767 Mar 31  2024 netconfig
drwxr-xr-x 2 root     root       4096 Oct 24 05:58 netplan
drwxr-xr-x 5 root     root       4096 Oct  1 04:22 network
drwxr-xr-x 8 root     root       4096 Oct  1 04:13 networkd-dispatcher
-rw-r--r-- 1 root     root         91 Apr 22  2024 networks
drwxr-xr-x 2 root     root       4096 Oct  1 04:13 newt
-rwxr-xr-x 1 root     root        243 Oct 19  2023 nftables.conf
-rw-r--r-- 1 root     root        526 Oct  1 04:13 nsswitch.conf
drwxr-xr-x 2 root     root       4096 Oct  1 04:22 nvme
drwxr-xr-x 2 root     root       4096 Oct  1 04:13 opt
lrwxrwxrwx 1 root     root         21 Aug  1 14:21 os-release -> ../usr/lib/os-release
-rw-r--r-- 1 root     root       6920 Jul  3  2024 overlayroot.conf
-rw-r--r-- 1 root     root        112 Oct  1 04:15 overlayroot.local.conf
-rw-r--r-- 1 root     root        552 Oct 13  2022 pam.conf
drwxr-xr-x 2 root     root       4096 Oct  1 04:15 pam.d
-rw-r--r-- 1 root     root       1848 Oct 21 08:53 passwd
-rw-r--r-- 1 root     root       1791 Oct 21 07:09 passwd-
drwxr-xr-x 3 root     root       4096 Oct  1 04:14 perl
drwxr-xr-x 4 root     root       4096 Oct  1 04:14 pki
drwxr-xr-x 2 root     root       4096 Feb 25  2025 plymouth
drwxr-xr-x 3 root     root       4096 Oct  1 04:14 pm
drwxr-xr-x 3 root     root       4096 Oct  1 04:14 polkit-1
drwxr-xr-x 2 root     root       4096 Oct  1 04:15 pollinate
drwxr-xr-x 4 root     root       4096 Oct  1 04:22 ppp
-rw-r--r-- 1 root     root        582 Apr 22  2024 profile
drwxr-xr-x 2 root     root       4096 Oct  1 04:22 profile.d
-rw-r--r-- 1 root     root       3144 Oct 17  2022 protocols
drwxr-xr-x 2 root     root       4096 Oct  1 04:13 python3
drwxr-xr-x 2 root     root       4096 Oct  1 04:13 python3.12
drwxr-xr-x 2 root     root       4096 Oct 21 08:53 rc0.d
drwxr-xr-x 2 root     root       4096 Oct 21 08:53 rc1.d
drwxr-xr-x 2 root     root       4096 Oct 21 08:53 rc2.d
drwxr-xr-x 2 root     root       4096 Oct 21 08:53 rc3.d
drwxr-xr-x 2 root     root       4096 Oct 21 08:53 rc4.d
drwxr-xr-x 2 root     root       4096 Oct 21 08:53 rc5.d
drwxr-xr-x 2 root     root       4096 Oct 21 08:53 rc6.d
drwxr-xr-x 2 root     root       4096 Oct  1 04:15 rcS.d
-rw-r--r-- 1 root     root       1787 Apr  8  2024 request-key.conf
drwxr-xr-x 2 root     root       4096 Oct  1 04:22 request-key.d
lrwxrwxrwx 1 root     root         39 Oct  1 04:13 resolv.conf -> ../run/systemd/resolve/stub-resolv.conf
lrwxrwxrwx 1 root     root         13 Apr  8  2024 rmt -> /usr/sbin/rmt
-rw-r--r-- 1 root     root        911 Oct 17  2022 rpc
-rw-r--r-- 1 root     root       1213 Mar 22  2024 rsyslog.conf
drwxr-xr-x 2 root     root       4096 Oct  1 04:15 rsyslog.d
-rw-r--r-- 1 root     root       3663 Jun 20  2016 screenrc
drwxr-xr-x 4 root     root       4096 Oct  1 04:14 security
drwxr-xr-x 2 root     root       4096 Oct  1 04:13 selinux
drwxr-xr-x 2 root     root       4096 Oct  1 04:14 sensors.d
-rw-r--r-- 1 root     root      10593 Mar 31  2024 sensors3.conf
-rw-r--r-- 1 root     root      12813 Mar 27  2021 services
drwxr-xr-x 2 root     root       4096 Oct  1 04:14 sgml
-rw-r----- 1 root     shadow      995 Oct 21 08:53 shadow
-rw-r----- 1 root     shadow      972 Oct 21 07:09 shadow-
-rw-r--r-- 1 root     root        148 Oct  1 04:15 shells
drwxr-xr-x 2 root     root       4096 Oct  1 04:13 skel
drwxr-xr-x 6 root     root       4096 Oct  1 04:14 sos
drwxr-xr-x 4 root     root       4096 Oct 21 07:09 ssh
drwxr-xr-x 4 root     root       4096 Oct  1 04:14 ssl
-rw-r--r-- 1 root     root         23 Oct 21 07:09 subgid
-rw-r--r-- 1 root     root          0 Oct  1 04:13 subgid-
-rw-r--r-- 1 root     root         23 Oct 21 07:09 subuid
-rw-r--r-- 1 root     root          0 Oct  1 04:13 subuid-
-rw-r--r-- 1 root     root       4343 Apr  8  2024 sudo.conf
-rw-r--r-- 1 root     root       9804 Apr  8  2024 sudo_logsrvd.conf
-r--r----- 1 root     root       1800 Jan 29  2024 sudoers
drwxr-x--- 2 root     root       4096 Oct 21 07:09 sudoers.d
drwxr-xr-x 2 root     root       4096 Oct  1 04:13 supercat
-rw-r--r-- 1 root     root       2209 Mar 24  2024 sysctl.conf
drwxr-xr-x 2 root     root       4096 Oct  1 04:22 sysctl.d
drwxr-xr-x 2 root     root       4096 Oct  1 04:14 sysstat
drwxr-xr-x 6 root     root       4096 Oct  1 04:22 systemd
drwxr-xr-x 2 root     root       4096 Oct  1 04:13 terminfo
-rw-r--r-- 1 root     root          8 Oct  1 04:13 timezone
drwxr-xr-x 2 root     root       4096 Oct  1 04:14 tmpfiles.d
drwxr-xr-x 2 root     root       4096 Oct  1 04:14 ubuntu-advantage
-rw-r--r-- 1 root     root       1260 Jan 27  2023 ucf.conf
drwxr-xr-x 4 root     root       4096 Oct  1 04:14 udev
drwxr-xr-x 2 root     root       4096 Oct  1 04:15 udisks2
drwxr-xr-x 3 root     root       4096 Oct  1 04:15 ufw
drwxr-xr-x 3 root     root       4096 Oct  1 04:15 update-manager
drwxr-xr-x 2 root     root       4096 Oct  1 04:15 update-motd.d
drwxr-xr-x 2 root     root       4096 Apr  2  2025 update-notifier
-rw-r--r-- 1 root     root       1523 Apr  8  2024 usb_modeswitch.conf
drwxr-xr-x 2 root     root       4096 Dec 16  2023 usb_modeswitch.d
lrwxrwxrwx 1 root     root         16 Oct  1 04:13 vconsole.conf -> default/keyboard
drwxr-xr-x 2 root     root       4096 Oct  1 04:14 vim
drwxr-xr-x 4 root     root       4096 Oct  1 04:14 vmware-tools
lrwxrwxrwx 1 root     root         23 Feb 26  2024 vtrgb -> /etc/alternatives/vtrgb
-rw-r--r-- 1 root     root       3639 May 30  2024 waagent.conf
-rw-r--r-- 1 root     root       4942 Jun 19  2024 wgetrc
-rw-r--r-- 1 root     root        681 Apr  8  2024 xattr.conf
drwxr-xr-x 4 root     root       4096 Oct  1 04:13 xdg
drwxr-xr-x 2 root     root       4096 Oct  1 04:15 xml
-rw-r--r-- 1 root     root        460 Jan 20  2023 zsh_command_not_found
useradmin@demo:/etc$ ls -l shells
-rw-r--r-- 1 root root 148 Oct  1 04:15 shells
useradmin@demo:/etc$ cat shells
# /etc/shells: valid login shells
/bin/sh
/usr/bin/sh
/bin/bash
/usr/bin/bash
/bin/rbash
/usr/bin/rbash
/usr/bin/dash
/usr/bin/screen
/usr/bin/tmux
useradmin@demo:/etc$ man ls
NAME
       ls - list directory contents

SYNOPSIS
       ls [OPTION]... [FILE]...

DESCRIPTION
       List information about the FILEs (the current directory by default).  Sort entries alphabetically if none of -cftuvSUX nor
       --sort is specified.

       Mandatory arguments to long options are mandatory for short options too.

       -a, --all
              do not ignore entries starting with .

       -A, --almost-all
              do not list implied . and ..

       --author
              with -l, print the author of each file

       -b, --escape
              print C-style escapes for nongraphic characters

       --block-size=SIZE
              with -l, scale sizes by SIZE when printing them; e.g., '--block-size=M'; see SIZE format below

       -B, --ignore-backups
              do not list implied entries ending with ~

 Manual page ls(1) line 1 (press h for help or q to quit



 echo $PATH
/home/useradmin/.local/bin:/usr/local/sbin:/usr/local/bin:/usr/sbin:/usr/bin:/sbin:/bin:/usr/games:/usr/local/games:/snap/bin
 which cat
/usr/bin/cat)
